0 verbose cli C:\Program Files\nodejs\node.exe C:\Users\admin\AppData\Roaming\npm\node_modules\npm\bin\npm-cli.js
1 info using npm@11.6.4
2 info using node@v24.11.1
3 silly config load:file:C:\Users\admin\AppData\Roaming\npm\node_modules\npm\npmrc
4 silly config load:file:D:\Hackathons\Jynex\AgriSetu\.npmrc
5 silly config load:file:C:\Users\admin\.npmrc
6 silly config load:file:C:\Users\admin\AppData\Roaming\npm\etc\npmrc
7 verbose title npm exec supabase db push --project-ref rfubnfdtsqzptadgfqcp
8 verbose argv "exec" "--" "supabase" "db" "push" "--project-ref" "rfubnfdtsqzptadgfqcp"
9 verbose logfile logs-max:10 dir:D:\Hackathons\Jynex\AgriSetu\.npm-cache\_logs\2026-08-27T14_31_21_405Z-
10 verbose logfile D:\Hackathons\Jynex\AgriSetu\.npm-cache\_logs\2026-08-27T14_31_21_405Z-debug-0.log
11 silly logfile start cleaning logs, removing 1 files
12 silly logfile done cleaning log files
13 silly packumentCache heap:4496293888 maxSize:1124073472 maxEntrySize:562036736
14 http fetch GET 200 https://registry.npmjs.org/supabase 495ms (cache revalidated)
15 silly packumentCache heap:4496293888 maxSize:1124073472 maxEntrySize:562036736
16 silly packumentCache heap:4496293888 maxSize:1124073472 maxEntrySize:562036736
17 verbose cwd D:\Hackathons\Jynex\AgriSetu
18 verbose os Windows_NT 10.0.26200
19 verbose node v24.11.1
20 verbose npm  v11.6.4
21 verbose exit 1
22 verbose code 1
