0 verbose cli C:\Program Files\nodejs\node.exe C:\Users\admin\AppData\Roaming\npm\node_modules\npm\bin\npm-cli.js
1 info using npm@11.6.4
2 info using node@v24.11.1
3 silly config load:file:C:\Users\admin\AppData\Roaming\npm\node_modules\npm\npmrc
4 silly config load:file:D:\Hackathons\Jynex\AgriSetu\.npmrc
5 silly config load:file:C:\Users\admin\.npmrc
6 silly config load:file:C:\Users\admin\AppData\Roaming\npm\etc\npmrc
7 verbose title npm exec supabase db push
8 verbose argv "exec" "--" "supabase" "db" "push"
9 verbose logfile logs-max:10 dir:D:\Hackathons\Jynex\AgriSetu\.npm-cache\_logs\2026-08-27T06_27_28_192Z-
10 verbose logfile D:\Hackathons\Jynex\AgriSetu\.npm-cache\_logs\2026-08-27T06_27_28_192Z-debug-0.log
11 silly logfile start cleaning logs, removing 1 files
12 silly logfile done cleaning log files
13 silly packumentCache heap:4496293888 maxSize:1124073472 maxEntrySize:562036736
14 http fetch GET 200 https://registry.npmjs.org/supabase 732ms (cache miss)
15 silly packumentCache heap:4496293888 maxSize:1124073472 maxEntrySize:562036736
16 silly packumentCache heap:4496293888 maxSize:1124073472 maxEntrySize:562036736
17 silly idealTree buildDeps
18 silly fetch manifest supabase@2.116.0
19 silly packumentCache full:https://registry.npmjs.org/supabase cache-miss
20 http fetch GET 200 https://registry.npmjs.org/supabase 265ms (cache miss)
21 silly packumentCache full:https://registry.npmjs.org/supabase set size:undefined disposed:false
22 silly placeDep ROOT supabase@2.116.0 OK for:  want: 2.116.0
23 silly fetch manifest jose@^6.2.9
24 silly packumentCache full:https://registry.npmjs.org/jose cache-miss
25 silly fetch manifest eciesjs@^0.5.0
26 silly packumentCache full:https://registry.npmjs.org/eciesjs cache-miss
27 silly fetch manifest @supabase/cli-linux-x64@2.116.0
28 silly packumentCache full:https://registry.npmjs.org/@supabase%2fcli-linux-x64 cache-miss
29 silly fetch manifest @supabase/cli-darwin-x64@2.116.0
30 silly packumentCache full:https://registry.npmjs.org/@supabase%2fcli-darwin-x64 cache-miss
31 silly fetch manifest @supabase/cli-linux-arm64@2.116.0
32 silly packumentCache full:https://registry.npmjs.org/@supabase%2fcli-linux-arm64 cache-miss
33 silly fetch manifest @supabase/cli-windows-x64@2.116.0
34 silly packumentCache full:https://registry.npmjs.org/@supabase%2fcli-windows-x64 cache-miss
35 silly fetch manifest @supabase/cli-darwin-arm64@2.116.0
36 silly packumentCache full:https://registry.npmjs.org/@supabase%2fcli-darwin-arm64 cache-miss
37 http fetch GET 200 https://registry.npmjs.org/jose 385ms (cache miss)
38 silly packumentCache full:https://registry.npmjs.org/jose set size:undefined disposed:false
39 silly fetch manifest @supabase/cli-windows-arm64@2.116.0
40 silly packumentCache full:https://registry.npmjs.org/@supabase%2fcli-windows-arm64 cache-miss
41 http fetch GET 200 https://registry.npmjs.org/eciesjs 470ms (cache miss)
42 silly packumentCache full:https://registry.npmjs.org/eciesjs set size:undefined disposed:false
43 silly fetch manifest @supabase/cli-linux-x64-musl@2.116.0
44 silly packumentCache full:https://registry.npmjs.org/@supabase%2fcli-linux-x64-musl cache-miss
45 http fetch GET 200 https://registry.npmjs.org/@supabase%2fcli-linux-x64 755ms (cache miss)
46 silly packumentCache full:https://registry.npmjs.org/@supabase%2fcli-linux-x64 set size:undefined disposed:false
47 silly fetch manifest @supabase/cli-linux-arm64-musl@2.116.0
48 silly packumentCache full:https://registry.npmjs.org/@supabase%2fcli-linux-arm64-musl cache-miss
49 http fetch GET 200 https://registry.npmjs.org/@supabase%2fcli-windows-x64 914ms (cache miss)
50 silly packumentCache full:https://registry.npmjs.org/@supabase%2fcli-windows-x64 set size:undefined disposed:false
51 http fetch GET 200 https://registry.npmjs.org/@supabase%2fcli-darwin-x64 940ms (cache miss)
52 silly packumentCache full:https://registry.npmjs.org/@supabase%2fcli-darwin-x64 set size:undefined disposed:false
53 http fetch GET 200 https://registry.npmjs.org/@supabase%2fcli-darwin-arm64 1015ms (cache miss)
54 silly packumentCache full:https://registry.npmjs.org/@supabase%2fcli-darwin-arm64 set size:undefined disposed:false
55 http fetch GET 200 https://registry.npmjs.org/@supabase%2fcli-linux-arm64 1046ms (cache miss)
56 silly packumentCache full:https://registry.npmjs.org/@supabase%2fcli-linux-arm64 set size:undefined disposed:false
57 http fetch GET 200 https://registry.npmjs.org/@supabase%2fcli-linux-x64-musl 706ms (cache miss)
58 silly packumentCache full:https://registry.npmjs.org/@supabase%2fcli-linux-x64-musl set size:undefined disposed:false
59 http fetch GET 200 https://registry.npmjs.org/@supabase%2fcli-windows-arm64 985ms (cache miss)
60 silly packumentCache full:https://registry.npmjs.org/@supabase%2fcli-windows-arm64 set size:undefined disposed:false
61 http fetch GET 200 https://registry.npmjs.org/@supabase%2fcli-linux-arm64-musl 679ms (cache miss)
62 silly packumentCache full:https://registry.npmjs.org/@supabase%2fcli-linux-arm64-musl set size:undefined disposed:false
63 silly placeDep ROOT @supabase/cli-darwin-arm64@2.116.0 OK for: supabase@2.116.0 want: 2.116.0
64 silly placeDep ROOT @supabase/cli-darwin-x64@2.116.0 OK for: supabase@2.116.0 want: 2.116.0
65 silly placeDep ROOT @supabase/cli-linux-arm64@2.116.0 OK for: supabase@2.116.0 want: 2.116.0
66 silly placeDep ROOT @supabase/cli-linux-arm64-musl@2.116.0 OK for: supabase@2.116.0 want: 2.116.0
67 silly placeDep ROOT @supabase/cli-linux-x64@2.116.0 OK for: supabase@2.116.0 want: 2.116.0
68 silly placeDep ROOT @supabase/cli-linux-x64-musl@2.116.0 OK for: supabase@2.116.0 want: 2.116.0
69 silly placeDep ROOT @supabase/cli-windows-arm64@2.116.0 OK for: supabase@2.116.0 want: 2.116.0
70 silly placeDep ROOT @supabase/cli-windows-x64@2.116.0 OK for: supabase@2.116.0 want: 2.116.0
71 silly placeDep ROOT eciesjs@0.5.0 OK for: supabase@2.116.0 want: ^0.5.0
72 silly placeDep ROOT jose@6.2.10 OK for: supabase@2.116.0 want: ^6.2.9
73 silly fetch manifest @ecies/ciphers@^0.2.6
74 silly packumentCache full:https://registry.npmjs.org/@ecies%2fciphers cache-miss
75 silly fetch manifest @noble/ciphers@^1.3.0
76 silly packumentCache full:https://registry.npmjs.org/@noble%2fciphers cache-miss
77 silly fetch manifest @noble/curves@^1.9.7
78 silly packumentCache full:https://registry.npmjs.org/@noble%2fcurves cache-miss
79 silly fetch manifest @noble/hashes@^1.8.0
80 silly packumentCache full:https://registry.npmjs.org/@noble%2fhashes cache-miss
81 http fetch GET 200 https://registry.npmjs.org/@noble%2fciphers 172ms (cache miss)
82 silly packumentCache full:https://registry.npmjs.org/@noble%2fciphers set size:undefined disposed:false
83 http fetch GET 200 https://registry.npmjs.org/@noble%2fhashes 182ms (cache miss)
84 silly packumentCache full:https://registry.npmjs.org/@noble%2fhashes set size:undefined disposed:false
85 http fetch GET 200 https://registry.npmjs.org/@noble%2fcurves 204ms (cache miss)
86 silly packumentCache full:https://registry.npmjs.org/@noble%2fcurves set size:undefined disposed:false
87 http fetch GET 200 https://registry.npmjs.org/@ecies%2fciphers 371ms (cache miss)
88 silly packumentCache full:https://registry.npmjs.org/@ecies%2fciphers set size:undefined disposed:false
89 silly placeDep ROOT @ecies/ciphers@0.2.6 OK for: eciesjs@0.5.0 want: ^0.2.6
90 silly placeDep ROOT @noble/ciphers@1.3.0 OK for: @ecies/ciphers@0.2.6 want: ^1.0.0
91 silly placeDep ROOT @noble/curves@1.9.7 OK for: eciesjs@0.5.0 want: ^1.9.7
92 silly placeDep ROOT @noble/hashes@1.8.0 OK for: eciesjs@0.5.0 want: ^1.8.0
93 silly fetch manifest @noble/hashes@1.8.0
94 silly packumentCache full:https://registry.npmjs.org/@noble%2fhashes cache-miss
95 http cache https://registry.npmjs.org/@noble%2fhashes 60ms (cache hit)
96 silly packumentCache full:https://registry.npmjs.org/@noble%2fhashes set size:221571 disposed:false
97 silly reify moves {}
98 silly audit bulk request {
98 silly audit   supabase: [ '2.116.0' ],
98 silly audit   '@supabase/cli-darwin-arm64': [ '2.116.0' ],
98 silly audit   '@supabase/cli-darwin-x64': [ '2.116.0' ],
98 silly audit   '@supabase/cli-linux-arm64': [ '2.116.0' ],
98 silly audit   '@supabase/cli-linux-arm64-musl': [ '2.116.0' ],
98 silly audit   '@supabase/cli-linux-x64': [ '2.116.0' ],
98 silly audit   '@supabase/cli-linux-x64-musl': [ '2.116.0' ],
98 silly audit   '@supabase/cli-windows-arm64': [ '2.116.0' ],
98 silly audit   '@supabase/cli-windows-x64': [ '2.116.0' ],
98 silly audit   eciesjs: [ '0.5.0' ],
98 silly audit   jose: [ '6.2.10' ],
98 silly audit   '@ecies/ciphers': [ '0.2.6' ],
98 silly audit   '@noble/ciphers': [ '1.3.0' ],
98 silly audit   '@noble/curves': [ '1.9.7' ],
98 silly audit   '@noble/hashes': [ '1.8.0' ]
98 silly audit }
99 http cache @noble/hashes@https://registry.npmjs.org/@noble/hashes/-/hashes-1.8.0.tgz 0ms (cache hit)
100 http cache @ecies/ciphers@https://registry.npmjs.org/@ecies/ciphers/-/ciphers-0.2.6.tgz 0ms (cache hit)
101 http cache @noble/ciphers@https://registry.npmjs.org/@noble/ciphers/-/ciphers-1.3.0.tgz 0ms (cache hit)
102 http cache @noble/curves@https://registry.npmjs.org/@noble/curves/-/curves-1.9.7.tgz 0ms (cache hit)
103 http cache @supabase/cli-windows-x64@https://registry.npmjs.org/@supabase/cli-windows-x64/-/cli-windows-x64-2.116.0.tgz 0ms (cache hit)
104 silly tarball no local data for @noble/hashes@https://registry.npmjs.org/@noble/hashes/-/hashes-1.8.0.tgz. Extracting by manifest.
105 silly tarball no local data for @ecies/ciphers@https://registry.npmjs.org/@ecies/ciphers/-/ciphers-0.2.6.tgz. Extracting by manifest.
106 silly tarball no local data for @noble/ciphers@https://registry.npmjs.org/@noble/ciphers/-/ciphers-1.3.0.tgz. Extracting by manifest.
107 silly tarball no local data for @noble/curves@https://registry.npmjs.org/@noble/curves/-/curves-1.9.7.tgz. Extracting by manifest.
108 silly tarball no local data for @supabase/cli-windows-x64@https://registry.npmjs.org/@supabase/cli-windows-x64/-/cli-windows-x64-2.116.0.tgz. Extracting by manifest.
109 http cache jose@https://registry.npmjs.org/jose/-/jose-6.2.10.tgz 0ms (cache hit)
110 http cache supabase@https://registry.npmjs.org/supabase/-/supabase-2.116.0.tgz 0ms (cache hit)
111 http cache eciesjs@https://registry.npmjs.org/eciesjs/-/eciesjs-0.5.0.tgz 0ms (cache hit)
112 silly tarball no local data for jose@https://registry.npmjs.org/jose/-/jose-6.2.10.tgz. Extracting by manifest.
113 silly tarball no local data for supabase@https://registry.npmjs.org/supabase/-/supabase-2.116.0.tgz. Extracting by manifest.
114 silly tarball no local data for eciesjs@https://registry.npmjs.org/eciesjs/-/eciesjs-0.5.0.tgz. Extracting by manifest.
115 http fetch GET 200 https://registry.npmjs.org/@ecies/ciphers/-/ciphers-0.2.6.tgz 300ms (cache miss)
116 http fetch POST 200 https://registry.npmjs.org/-/npm/v1/security/advisories/bulk 334ms
117 silly audit report {}
118 http fetch GET 200 https://registry.npmjs.org/supabase/-/supabase-2.116.0.tgz 345ms (cache miss)
119 http fetch GET 200 https://registry.npmjs.org/eciesjs/-/eciesjs-0.5.0.tgz 446ms (cache miss)
120 http fetch GET 200 https://registry.npmjs.org/@noble/ciphers/-/ciphers-1.3.0.tgz 593ms (cache miss)
121 http fetch GET 200 https://registry.npmjs.org/jose/-/jose-6.2.10.tgz 622ms (cache miss)
122 http fetch GET 200 https://registry.npmjs.org/@noble/hashes/-/hashes-1.8.0.tgz 822ms (cache miss)
123 http fetch GET 200 https://registry.npmjs.org/@noble/curves/-/curves-1.9.7.tgz 867ms (cache miss)
124 http fetch GET 200 https://registry.npmjs.org/@supabase/cli-windows-x64/-/cli-windows-x64-2.116.0.tgz 16595ms (cache miss)
125 verbose cwd D:\Hackathons\Jynex\AgriSetu
126 verbose os Windows_NT 10.0.26200
127 verbose node v24.11.1
128 verbose npm  v11.6.4
129 verbose exit 1
130 verbose code 1
